UE_5.3/Engine/Binaries/Mac/LiveLinkHub-Mac-Shipping.app/*
UE_5.3/Engine/Binaries/Mac/UnrealGame-Mac-DebugGame.app/*
UE_5.3/Engine/Binaries/Mac/UnrealGame.app/*
UE_5.3/Engine/Binaries/Mac/UnrealGame-Mac-Shipping.app/*
UE_5.3/Engine/Binaries/Mac/Android/*
UE_5.3/Engine/Binaries/Mac/UnrealGame-Mac-DebugGame
UE_5.3/Engine/Binaries/Mac/UnrealGame
UE_5.3/Engine/Binaries/Mac/UnrealGame-Mac-Shipping
UE_5.3/Engine/Binaries/Mac/*.dSYM
UE_5.3/Engine/Plugins/Experimental/NNERuntimeIREE/*
UE_5.3/Engine/Plugins/Experimental/Avalanche/*
UE_5.4/Engine/Binaries/Mac/LiveLinkHub-Mac-Shipping.app/*
UE_5.4/Engine/Binaries/Mac/UnrealGame-Mac-DebugGame.app/*
UE_5.4/Engine/Binaries/Mac/UnrealGame.app/*
UE_5.4/Engine/Binaries/Mac/UnrealGame-Mac-Shipping.app/*
UE_5.4/Engine/Binaries/Mac/Android/*
UE_5.4/Engine/Binaries/Mac/ZenDashboard.app/*
UE_5.4/Engine/Binaries/Mac/UnrealEditorServices.app/*
UE_5.4/Engine/Binaries/Mac/UnrealEditor-Mac-DebugGame.app/*
UE_5.4/Engine/Binaries/Mac/UnrealGame-Mac-DebugGame
UE_5.4/Engine/Binaries/Mac/UnrealGame
UE_5.4/Engine/Binaries/Mac/UnrealGame-Mac-Shipping
UE_5.4/Engine/Binaries/ThirdParty/DotNet/6.0.302/mac-x64/*
UE_5.4/Engine/Binaries/ThirdParty/CEF3/*
UE_5.4/Engine/Binaries/DotNET/AutomationTool/AutomationScripts/Platforms/Windows/*
UE_5.4/Engine/Intermediate/ScriptModules/Win.Automation.json
UE_5.4/Engine/Binaries/DotNET/AutomationTool/AutomationScripts/Platforms/Android/*
UE_5.4/Engine/Intermediate/ScriptModules/Android.Automation.json
UE_5.4/Engine/Binaries/DotNET/AutomationTool/AutomationScripts/Platforms/Linux/*
UE_5.4/Engine/Intermediate/ScriptModules/Linux.Automation.json
UE_5.4/Engine/Binaries/DotNET/AutomationTool/AutomationScripts/Platforms/TVOS/*
UE_5.4/Engine/Intermediate/ScriptModules/TVOS.Automation.json
UE_5.4/Engine/Binaries/DotNET/AutomationTool/AutomationScripts/Platforms/SteamDeck/*
UE_5.4/Engine/Intermediate/ScriptModules/SteamDeck.Automation.json
UE_5.4/Engine/Binaries/DotNET/Android/*
*.dSYM
